mode: count
github.com/tedba742/gitImplementation/cmd/gitimpl/main.go:9.13,10.54 1 2
github.com/tedba742/gitImplementation/cmd/gitimpl/main.go:10.54,14.58 3 1
github.com/tedba742/gitImplementation/cmd/gitimpl/main.go:14.58,17.10 2 0
github.com/tedba742/gitImplementation/cmd/gitimpl/main.go:18.9,19.15 2 1
github.com/tedba742/gitImplementation/cmd/gitimpl/main.go:21.5,21.52 1 1
github.com/tedba742/gitImplementation/internal/object/object.go:15.66,21.2 5 0
github.com/tedba742/gitImplementation/internal/object/object.go:24.54,26.2 1 0
github.com/tedba742/gitImplementation/internal/object/object.go:30.78,33.50 3 0
github.com/tedba742/gitImplementation/internal/object/object.go:33.50,35.6 1 0
github.com/tedba742/gitImplementation/internal/object/object.go:36.5,38.44 2 0
github.com/tedba742/gitImplementation/internal/object/object.go:38.44,40.6 1 0
github.com/tedba742/gitImplementation/internal/object/object.go:41.5,42.58 2 0
github.com/tedba742/gitImplementation/internal/object/object.go:42.58,44.6 1 0
github.com/tedba742/gitImplementation/internal/object/object.go:45.5,45.21 1 0
github.com/tedba742/gitImplementation/internal/object/object.go:49.69,52.19 3 0
github.com/tedba742/gitImplementation/internal/object/object.go:52.19,54.6 1 0
github.com/tedba742/gitImplementation/internal/object/object.go:55.5,56.16 2 0
github.com/tedba742/gitImplementation/internal/object/object.go:56.16,58.6 1 0
github.com/tedba742/gitImplementation/internal/object/object.go:59.5,63.33 5 0
github.com/tedba742/gitImplementation/internal/object/object.go:67.43,69.2 1 0
github.com/tedba742/gitImplementation/internal/repo/log.go:20.64,21.19 1 0
github.com/tedba742/gitImplementation/internal/repo/log.go:21.19,23.6 1 0
github.com/tedba742/gitImplementation/internal/repo/log.go:26.5,27.31 2 0
github.com/tedba742/gitImplementation/internal/repo/log.go:27.31,28.37 1 0
github.com/tedba742/gitImplementation/internal/repo/log.go:28.37,30.10 1 0
github.com/tedba742/gitImplementation/internal/repo/log.go:34.5,36.19 3 0
github.com/tedba742/gitImplementation/internal/repo/log.go:36.19,39.44 3 0
github.com/tedba742/gitImplementation/internal/repo/log.go:39.44,40.18 1 0
github.com/tedba742/gitImplementation/internal/repo/log.go:42.9,42.32 1 0
github.com/tedba742/gitImplementation/internal/repo/log.go:45.5,47.35 2 0
github.com/tedba742/gitImplementation/internal/repo/log.go:47.35,48.36 1 0
github.com/tedba742/gitImplementation/internal/repo/log.go:48.36,50.10 1 0
github.com/tedba742/gitImplementation/internal/repo/log.go:51.9,51.68 1 0
github.com/tedba742/gitImplementation/internal/repo/log.go:55.5,55.32 1 0
github.com/tedba742/gitImplementation/internal/repo/log.go:55.32,61.40 4 0
github.com/tedba742/gitImplementation/internal/repo/log.go:61.40,64.22 2 0
github.com/tedba742/gitImplementation/internal/repo/log.go:64.22,66.14 1 0
github.com/tedba742/gitImplementation/internal/repo/log.go:67.13,67.31 1 0
github.com/tedba742/gitImplementation/internal/repo/log.go:67.31,68.25 1 0
github.com/tedba742/gitImplementation/internal/repo/log.go:70.13,70.38 1 0
github.com/tedba742/gitImplementation/internal/repo/log.go:72.9,72.27 1 0
github.com/tedba742/gitImplementation/internal/repo/log.go:72.27,74.38 2 0
github.com/tedba742/gitImplementation/internal/repo/log.go:74.38,77.14 2 0
github.com/tedba742/gitImplementation/internal/repo/log.go:81.5,81.44 1 0
github.com/tedba742/gitImplementation/internal/repo/repo.go:16.46,19.55 3 1
github.com/tedba742/gitImplementation/internal/repo/repo.go:19.55,21.6 1 0
github.com/tedba742/gitImplementation/internal/repo/repo.go:21.11,21.26 1 1
github.com/tedba742/gitImplementation/internal/repo/repo.go:21.26,23.6 1 0
github.com/tedba742/gitImplementation/internal/repo/repo.go:25.5,27.65 3 1
github.com/tedba742/gitImplementation/internal/repo/repo.go:27.65,29.6 1 0
github.com/tedba742/gitImplementation/internal/repo/repo.go:30.5,30.15 1 1
github.com/tedba742/gitImplementation/internal/repo/repo.go:36.42,41.19 4 0
github.com/tedba742/gitImplementation/internal/repo/repo.go:41.19,43.6 1 0
github.com/tedba742/gitImplementation/internal/repo/repo.go:44.5,45.72 2 0
github.com/tedba742/gitImplementation/internal/repo/repo.go:45.72,47.6 1 0
github.com/tedba742/gitImplementation/internal/repo/repo.go:49.5,51.19 3 0
github.com/tedba742/gitImplementation/internal/repo/repo.go:51.19,53.6 1 0
github.com/tedba742/gitImplementation/internal/repo/repo.go:54.5,57.80 3 0
github.com/tedba742/gitImplementation/internal/repo/repo.go:57.80,59.6 1 0
github.com/tedba742/gitImplementation/internal/repo/repo.go:60.5,60.15 1 0
github.com/tedba742/gitImplementation/internal/repo/repo.go:65.61,70.19 4 0
github.com/tedba742/gitImplementation/internal/repo/repo.go:70.19,72.6 1 0
github.com/tedba742/gitImplementation/internal/repo/repo.go:73.5,75.40 3 0
github.com/tedba742/gitImplementation/internal/repo/repo.go:75.40,78.6 2 0
github.com/tedba742/gitImplementation/internal/repo/repo.go:78.11,80.6 1 0
github.com/tedba742/gitImplementation/internal/repo/repo.go:83.5,85.53 3 0
github.com/tedba742/gitImplementation/internal/repo/repo.go:85.53,87.34 2 0
github.com/tedba742/gitImplementation/internal/repo/repo.go:87.34,88.25 1 0
github.com/tedba742/gitImplementation/internal/repo/repo.go:88.25,89.25 1 0
github.com/tedba742/gitImplementation/internal/repo/repo.go:91.13,92.32 2 0
github.com/tedba742/gitImplementation/internal/repo/repo.go:92.32,93.25 1 0
github.com/tedba742/gitImplementation/internal/repo/repo.go:95.13,95.42 1 0
github.com/tedba742/gitImplementation/internal/repo/repo.go:99.5,104.31 3 0
github.com/tedba742/gitImplementation/internal/repo/repo.go:104.31,107.6 2 0
github.com/tedba742/gitImplementation/internal/repo/repo.go:108.5,110.19 3 0
github.com/tedba742/gitImplementation/internal/repo/repo.go:110.19,112.6 1 0
github.com/tedba742/gitImplementation/internal/repo/repo.go:115.5,117.51 3 0
github.com/tedba742/gitImplementation/internal/repo/repo.go:117.51,119.6 1 0
github.com/tedba742/gitImplementation/internal/repo/repo.go:122.5,126.21 5 0
github.com/tedba742/gitImplementation/internal/repo/repo.go:126.21,130.6 3 0
github.com/tedba742/gitImplementation/internal/repo/repo.go:131.5,136.19 5 0
github.com/tedba742/gitImplementation/internal/repo/repo.go:136.19,138.6 1 0
github.com/tedba742/gitImplementation/internal/repo/repo.go:141.5,141.68 1 0
github.com/tedba742/gitImplementation/internal/repo/repo.go:141.68,143.6 1 0
github.com/tedba742/gitImplementation/internal/repo/repo.go:144.5,144.80 1 0
github.com/tedba742/gitImplementation/internal/repo/repo.go:144.80,146.6 1 0
github.com/tedba742/gitImplementation/internal/repo/repo.go:149.5,151.27 2 0
github.com/tedba742/gitImplementation/internal/repo/repo.go:156.46,160.19 4 0
github.com/tedba742/gitImplementation/internal/repo/repo.go:160.19,162.6 1 0
github.com/tedba742/gitImplementation/internal/repo/repo.go:163.5,165.40 3 0
github.com/tedba742/gitImplementation/internal/repo/repo.go:165.40,168.6 2 0
github.com/tedba742/gitImplementation/internal/repo/repo.go:168.11,170.6 1 0
github.com/tedba742/gitImplementation/internal/repo/repo.go:173.5,175.19 3 0
github.com/tedba742/gitImplementation/internal/repo/repo.go:175.19,177.6 1 0
github.com/tedba742/gitImplementation/internal/repo/repo.go:180.5,181.70 2 0
github.com/tedba742/gitImplementation/internal/repo/repo.go:181.70,183.6 1 0
github.com/tedba742/gitImplementation/internal/repo/repo.go:184.5,184.61 1 0
github.com/tedba742/gitImplementation/internal/repo/repo.go:184.61,186.6 1 0
github.com/tedba742/gitImplementation/internal/repo/repo.go:188.5,189.111 2 0
github.com/tedba742/gitImplementation/internal/repo/repo.go:189.111,191.6 1 0
github.com/tedba742/gitImplementation/internal/repo/repo.go:192.5,192.15 1 0
github.com/tedba742/gitImplementation/internal/repo/repo.go:197.43,202.19 4 0
github.com/tedba742/gitImplementation/internal/repo/repo.go:202.19,204.6 1 0
github.com/tedba742/gitImplementation/internal/repo/repo.go:205.5,207.40 3 0
github.com/tedba742/gitImplementation/internal/repo/repo.go:207.40,210.6 2 0
github.com/tedba742/gitImplementation/internal/repo/repo.go:210.11,212.6 1 0
github.com/tedba742/gitImplementation/internal/repo/repo.go:214.5,216.51 3 0
github.com/tedba742/gitImplementation/internal/repo/repo.go:216.51,218.6 1 0
github.com/tedba742/gitImplementation/internal/repo/repo.go:220.5,224.88 3 0
github.com/tedba742/gitImplementation/internal/repo/repo.go:224.88,225.23 1 0
github.com/tedba742/gitImplementation/internal/repo/repo.go:225.23,227.10 1 0
github.com/tedba742/gitImplementation/internal/repo/repo.go:228.9,228.22 1 0
github.com/tedba742/gitImplementation/internal/repo/repo.go:228.22,230.10 1 0
github.com/tedba742/gitImplementation/internal/repo/repo.go:233.9,237.23 5 0
github.com/tedba742/gitImplementation/internal/repo/repo.go:237.23,239.10 1 0
github.com/tedba742/gitImplementation/internal/repo/repo.go:240.9,240.28 1 0
github.com/tedba742/gitImplementation/internal/repo/repo.go:240.28,242.10 1 0
github.com/tedba742/gitImplementation/internal/repo/repo.go:244.9,247.23 4 0
github.com/tedba742/gitImplementation/internal/repo/repo.go:247.23,249.27 2 0
github.com/tedba742/gitImplementation/internal/repo/repo.go:249.27,252.31 2 0
github.com/tedba742/gitImplementation/internal/repo/repo.go:252.31,255.18 2 0
github.com/tedba742/gitImplementation/internal/repo/repo.go:256.17,257.22 2 0
github.com/tedba742/gitImplementation/internal/repo/repo.go:259.13,259.51 1 0
github.com/tedba742/gitImplementation/internal/repo/repo.go:259.51,261.14 1 0
github.com/tedba742/gitImplementation/internal/repo/repo.go:263.9,264.19 2 0
github.com/tedba742/gitImplementation/internal/repo/repo.go:267.5,268.20 2 0
github.com/tedba742/gitImplementation/cmd/gitimpl/main.go:9.13,10.54 1 0
github.com/tedba742/gitImplementation/cmd/gitimpl/main.go:10.54,14.58 3 0
github.com/tedba742/gitImplementation/cmd/gitimpl/main.go:14.58,17.10 2 0
github.com/tedba742/gitImplementation/cmd/gitimpl/main.go:18.9,19.15 2 0
github.com/tedba742/gitImplementation/cmd/gitimpl/main.go:21.5,21.52 1 0
github.com/tedba742/gitImplementation/internal/object/object.go:15.66,21.2 5 5
github.com/tedba742/gitImplementation/internal/object/object.go:24.54,26.2 1 1
github.com/tedba742/gitImplementation/internal/object/object.go:30.78,33.50 3 4
github.com/tedba742/gitImplementation/internal/object/object.go:33.50,35.6 1 1
github.com/tedba742/gitImplementation/internal/object/object.go:36.5,38.44 2 3
github.com/tedba742/gitImplementation/internal/object/object.go:38.44,40.6 1 1
github.com/tedba742/gitImplementation/internal/object/object.go:41.5,42.58 2 2
github.com/tedba742/gitImplementation/internal/object/object.go:42.58,44.6 1 0
github.com/tedba742/gitImplementation/internal/object/object.go:45.5,45.21 1 2
github.com/tedba742/gitImplementation/internal/object/object.go:49.69,52.19 3 1
github.com/tedba742/gitImplementation/internal/object/object.go:52.19,54.6 1 0
github.com/tedba742/gitImplementation/internal/object/object.go:55.5,56.16 2 1
github.com/tedba742/gitImplementation/internal/object/object.go:56.16,58.6 1 0
github.com/tedba742/gitImplementation/internal/object/object.go:59.5,63.33 5 1
github.com/tedba742/gitImplementation/internal/object/object.go:67.43,69.2 1 2
github.com/tedba742/gitImplementation/internal/repo/log.go:20.64,21.19 1 0
github.com/tedba742/gitImplementation/internal/repo/log.go:21.19,23.6 1 0
github.com/tedba742/gitImplementation/internal/repo/log.go:26.5,27.31 2 0
github.com/tedba742/gitImplementation/internal/repo/log.go:27.31,28.37 1 0
github.com/tedba742/gitImplementation/internal/repo/log.go:28.37,30.10 1 0
github.com/tedba742/gitImplementation/internal/repo/log.go:34.5,36.19 3 0
github.com/tedba742/gitImplementation/internal/repo/log.go:36.19,39.44 3 0
github.com/tedba742/gitImplementation/internal/repo/log.go:39.44,40.18 1 0
github.com/tedba742/gitImplementation/internal/repo/log.go:42.9,42.32 1 0
github.com/tedba742/gitImplementation/internal/repo/log.go:45.5,47.35 2 0
github.com/tedba742/gitImplementation/internal/repo/log.go:47.35,48.36 1 0
github.com/tedba742/gitImplementation/internal/repo/log.go:48.36,50.10 1 0
github.com/tedba742/gitImplementation/internal/repo/log.go:51.9,51.68 1 0
github.com/tedba742/gitImplementation/internal/repo/log.go:55.5,55.32 1 0
github.com/tedba742/gitImplementation/internal/repo/log.go:55.32,61.40 4 0
github.com/tedba742/gitImplementation/internal/repo/log.go:61.40,64.22 2 0
github.com/tedba742/gitImplementation/internal/repo/log.go:64.22,66.14 1 0
github.com/tedba742/gitImplementation/internal/repo/log.go:67.13,67.31 1 0
github.com/tedba742/gitImplementation/internal/repo/log.go:67.31,68.25 1 0
github.com/tedba742/gitImplementation/internal/repo/log.go:70.13,70.38 1 0
github.com/tedba742/gitImplementation/internal/repo/log.go:72.9,72.27 1 0
github.com/tedba742/gitImplementation/internal/repo/log.go:72.27,74.38 2 0
github.com/tedba742/gitImplementation/internal/repo/log.go:74.38,77.14 2 0
github.com/tedba742/gitImplementation/internal/repo/log.go:81.5,81.44 1 0
github.com/tedba742/gitImplementation/internal/repo/repo.go:16.46,19.55 3 0
github.com/tedba742/gitImplementation/internal/repo/repo.go:19.55,21.6 1 0
github.com/tedba742/gitImplementation/internal/repo/repo.go:21.11,21.26 1 0
github.com/tedba742/gitImplementation/internal/repo/repo.go:21.26,23.6 1 0
github.com/tedba742/gitImplementation/internal/repo/repo.go:25.5,27.65 3 0
github.com/tedba742/gitImplementation/internal/repo/repo.go:27.65,29.6 1 0
github.com/tedba742/gitImplementation/internal/repo/repo.go:30.5,30.15 1 0
github.com/tedba742/gitImplementation/internal/repo/repo.go:36.42,41.19 4 0
github.com/tedba742/gitImplementation/internal/repo/repo.go:41.19,43.6 1 0
github.com/tedba742/gitImplementation/internal/repo/repo.go:44.5,45.72 2 0
github.com/tedba742/gitImplementation/internal/repo/repo.go:45.72,47.6 1 0
github.com/tedba742/gitImplementation/internal/repo/repo.go:49.5,51.19 3 0
github.com/tedba742/gitImplementation/internal/repo/repo.go:51.19,53.6 1 0
github.com/tedba742/gitImplementation/internal/repo/repo.go:54.5,57.80 3 0
github.com/tedba742/gitImplementation/internal/repo/repo.go:57.80,59.6 1 0
github.com/tedba742/gitImplementation/internal/repo/repo.go:60.5,60.15 1 0
github.com/tedba742/gitImplementation/internal/repo/repo.go:65.61,70.19 4 0
github.com/tedba742/gitImplementation/internal/repo/repo.go:70.19,72.6 1 0
github.com/tedba742/gitImplementation/internal/repo/repo.go:73.5,75.40 3 0
github.com/tedba742/gitImplementation/internal/repo/repo.go:75.40,78.6 2 0
github.com/tedba742/gitImplementation/internal/repo/repo.go:78.11,80.6 1 0
github.com/tedba742/gitImplementation/internal/repo/repo.go:83.5,85.53 3 0
github.com/tedba742/gitImplementation/internal/repo/repo.go:85.53,87.34 2 0
github.com/tedba742/gitImplementation/internal/repo/repo.go:87.34,88.25 1 0
github.com/tedba742/gitImplementation/internal/repo/repo.go:88.25,89.25 1 0
github.com/tedba742/gitImplementation/internal/repo/repo.go:91.13,92.32 2 0
github.com/tedba742/gitImplementation/internal/repo/repo.go:92.32,93.25 1 0
github.com/tedba742/gitImplementation/internal/repo/repo.go:95.13,95.42 1 0
github.com/tedba742/gitImplementation/internal/repo/repo.go:99.5,104.31 3 0
github.com/tedba742/gitImplementation/internal/repo/repo.go:104.31,107.6 2 0
github.com/tedba742/gitImplementation/internal/repo/repo.go:108.5,110.19 3 0
github.com/tedba742/gitImplementation/internal/repo/repo.go:110.19,112.6 1 0
github.com/tedba742/gitImplementation/internal/repo/repo.go:115.5,117.51 3 0
github.com/tedba742/gitImplementation/internal/repo/repo.go:117.51,119.6 1 0
github.com/tedba742/gitImplementation/internal/repo/repo.go:122.5,126.21 5 0
github.com/tedba742/gitImplementation/internal/repo/repo.go:126.21,130.6 3 0
github.com/tedba742/gitImplementation/internal/repo/repo.go:131.5,136.19 5 0
github.com/tedba742/gitImplementation/internal/repo/repo.go:136.19,138.6 1 0
github.com/tedba742/gitImplementation/internal/repo/repo.go:141.5,141.68 1 0
github.com/tedba742/gitImplementation/internal/repo/repo.go:141.68,143.6 1 0
github.com/tedba742/gitImplementation/internal/repo/repo.go:144.5,144.80 1 0
github.com/tedba742/gitImplementation/internal/repo/repo.go:144.80,146.6 1 0
github.com/tedba742/gitImplementation/internal/repo/repo.go:149.5,151.27 2 0
github.com/tedba742/gitImplementation/internal/repo/repo.go:156.46,160.19 4 0
github.com/tedba742/gitImplementation/internal/repo/repo.go:160.19,162.6 1 0
github.com/tedba742/gitImplementation/internal/repo/repo.go:163.5,165.40 3 0
github.com/tedba742/gitImplementation/internal/repo/repo.go:165.40,168.6 2 0
github.com/tedba742/gitImplementation/internal/repo/repo.go:168.11,170.6 1 0
github.com/tedba742/gitImplementation/internal/repo/repo.go:173.5,175.19 3 0
github.com/tedba742/gitImplementation/internal/repo/repo.go:175.19,177.6 1 0
github.com/tedba742/gitImplementation/internal/repo/repo.go:180.5,181.70 2 0
github.com/tedba742/gitImplementation/internal/repo/repo.go:181.70,183.6 1 0
github.com/tedba742/gitImplementation/internal/repo/repo.go:184.5,184.61 1 0
github.com/tedba742/gitImplementation/internal/repo/repo.go:184.61,186.6 1 0
github.com/tedba742/gitImplementation/internal/repo/repo.go:188.5,189.111 2 0
github.com/tedba742/gitImplementation/internal/repo/repo.go:189.111,191.6 1 0
github.com/tedba742/gitImplementation/internal/repo/repo.go:192.5,192.15 1 0
github.com/tedba742/gitImplementation/internal/repo/repo.go:197.43,202.19 4 0
github.com/tedba742/gitImplementation/internal/repo/repo.go:202.19,204.6 1 0
github.com/tedba742/gitImplementation/internal/repo/repo.go:205.5,207.40 3 0
github.com/tedba742/gitImplementation/internal/repo/repo.go:207.40,210.6 2 0
github.com/tedba742/gitImplementation/internal/repo/repo.go:210.11,212.6 1 0
github.com/tedba742/gitImplementation/internal/repo/repo.go:214.5,216.51 3 0
github.com/tedba742/gitImplementation/internal/repo/repo.go:216.51,218.6 1 0
github.com/tedba742/gitImplementation/internal/repo/repo.go:220.5,224.88 3 0
github.com/tedba742/gitImplementation/internal/repo/repo.go:224.88,225.23 1 0
github.com/tedba742/gitImplementation/internal/repo/repo.go:225.23,227.10 1 0
github.com/tedba742/gitImplementation/internal/repo/repo.go:228.9,228.22 1 0
github.com/tedba742/gitImplementation/internal/repo/repo.go:228.22,230.10 1 0
github.com/tedba742/gitImplementation/internal/repo/repo.go:233.9,237.23 5 0
github.com/tedba742/gitImplementation/internal/repo/repo.go:237.23,239.10 1 0
github.com/tedba742/gitImplementation/internal/repo/repo.go:240.9,240.28 1 0
github.com/tedba742/gitImplementation/internal/repo/repo.go:240.28,242.10 1 0
github.com/tedba742/gitImplementation/internal/repo/repo.go:244.9,247.23 4 0
github.com/tedba742/gitImplementation/internal/repo/repo.go:247.23,249.27 2 0
github.com/tedba742/gitImplementation/internal/repo/repo.go:249.27,252.31 2 0
github.com/tedba742/gitImplementation/internal/repo/repo.go:252.31,255.18 2 0
github.com/tedba742/gitImplementation/internal/repo/repo.go:256.17,257.22 2 0
github.com/tedba742/gitImplementation/internal/repo/repo.go:259.13,259.51 1 0
github.com/tedba742/gitImplementation/internal/repo/repo.go:259.51,261.14 1 0
github.com/tedba742/gitImplementation/internal/repo/repo.go:263.9,264.19 2 0
github.com/tedba742/gitImplementation/internal/repo/repo.go:267.5,268.20 2 0
github.com/tedba742/gitImplementation/cmd/gitimpl/main.go:9.13,10.54 1 0
github.com/tedba742/gitImplementation/cmd/gitimpl/main.go:10.54,14.58 3 0
github.com/tedba742/gitImplementation/cmd/gitimpl/main.go:14.58,17.10 2 0
github.com/tedba742/gitImplementation/cmd/gitimpl/main.go:18.9,19.15 2 0
github.com/tedba742/gitImplementation/cmd/gitimpl/main.go:21.5,21.52 1 0
github.com/tedba742/gitImplementation/internal/object/object.go:15.66,21.2 5 16
github.com/tedba742/gitImplementation/internal/object/object.go:24.54,26.2 1 3
github.com/tedba742/gitImplementation/internal/object/object.go:30.78,33.50 3 13
github.com/tedba742/gitImplementation/internal/object/object.go:33.50,35.6 1 0
github.com/tedba742/gitImplementation/internal/object/object.go:36.5,38.44 2 13
github.com/tedba742/gitImplementation/internal/object/object.go:38.44,40.6 1 0
github.com/tedba742/gitImplementation/internal/object/object.go:41.5,42.58 2 13
github.com/tedba742/gitImplementation/internal/object/object.go:42.58,44.6 1 0
github.com/tedba742/gitImplementation/internal/object/object.go:45.5,45.21 1 13
github.com/tedba742/gitImplementation/internal/object/object.go:49.69,52.19 3 6
github.com/tedba742/gitImplementation/internal/object/object.go:52.19,54.6 1 0
github.com/tedba742/gitImplementation/internal/object/object.go:55.5,56.16 2 6
github.com/tedba742/gitImplementation/internal/object/object.go:56.16,58.6 1 0
github.com/tedba742/gitImplementation/internal/object/object.go:59.5,63.33 5 6
github.com/tedba742/gitImplementation/internal/object/object.go:67.43,69.2 1 0
github.com/tedba742/gitImplementation/internal/repo/log.go:20.64,21.19 1 4
github.com/tedba742/gitImplementation/internal/repo/log.go:21.19,23.6 1 0
github.com/tedba742/gitImplementation/internal/repo/log.go:26.5,27.31 2 4
github.com/tedba742/gitImplementation/internal/repo/log.go:27.31,28.37 1 9
github.com/tedba742/gitImplementation/internal/repo/log.go:28.37,30.10 1 6
github.com/tedba742/gitImplementation/internal/repo/log.go:34.5,36.19 3 4
github.com/tedba742/gitImplementation/internal/repo/log.go:36.19,39.44 3 9
github.com/tedba742/gitImplementation/internal/repo/log.go:39.44,40.18 1 4
github.com/tedba742/gitImplementation/internal/repo/log.go:42.9,42.32 1 5
github.com/tedba742/gitImplementation/internal/repo/log.go:45.5,47.35 2 4
github.com/tedba742/gitImplementation/internal/repo/log.go:47.35,48.36 1 10
github.com/tedba742/gitImplementation/internal/repo/log.go:48.36,50.10 1 9
github.com/tedba742/gitImplementation/internal/repo/log.go:51.9,51.68 1 1
github.com/tedba742/gitImplementation/internal/repo/log.go:55.5,55.32 1 4
github.com/tedba742/gitImplementation/internal/repo/log.go:55.32,61.40 4 9
github.com/tedba742/gitImplementation/internal/repo/log.go:61.40,64.22 2 6
github.com/tedba742/gitImplementation/internal/repo/log.go:64.22,66.14 1 6
github.com/tedba742/gitImplementation/internal/repo/log.go:67.13,67.31 1 6
github.com/tedba742/gitImplementation/internal/repo/log.go:67.31,68.25 1 5
github.com/tedba742/gitImplementation/internal/repo/log.go:70.13,70.38 1 1
github.com/tedba742/gitImplementation/internal/repo/log.go:72.9,72.27 1 9
github.com/tedba742/gitImplementation/internal/repo/log.go:72.27,74.38 2 1
github.com/tedba742/gitImplementation/internal/repo/log.go:74.38,77.14 2 1
github.com/tedba742/gitImplementation/internal/repo/log.go:81.5,81.44 1 4
github.com/tedba742/gitImplementation/internal/repo/repo.go:16.46,19.55 3 3
github.com/tedba742/gitImplementation/internal/repo/repo.go:19.55,21.6 1 1
github.com/tedba742/gitImplementation/internal/repo/repo.go:21.11,21.26 1 2
github.com/tedba742/gitImplementation/internal/repo/repo.go:21.26,23.6 1 0
github.com/tedba742/gitImplementation/internal/repo/repo.go:25.5,27.65 3 2
github.com/tedba742/gitImplementation/internal/repo/repo.go:27.65,29.6 1 0
github.com/tedba742/gitImplementation/internal/repo/repo.go:30.5,30.15 1 2
github.com/tedba742/gitImplementation/internal/repo/repo.go:36.42,41.19 4 4
github.com/tedba742/gitImplementation/internal/repo/repo.go:41.19,43.6 1 1
github.com/tedba742/gitImplementation/internal/repo/repo.go:44.5,45.72 2 3
github.com/tedba742/gitImplementation/internal/repo/repo.go:45.72,47.6 1 0
github.com/tedba742/gitImplementation/internal/repo/repo.go:49.5,51.19 3 3
github.com/tedba742/gitImplementation/internal/repo/repo.go:51.19,53.6 1 0
github.com/tedba742/gitImplementation/internal/repo/repo.go:54.5,57.80 3 3
github.com/tedba742/gitImplementation/internal/repo/repo.go:57.80,59.6 1 0
github.com/tedba742/gitImplementation/internal/repo/repo.go:60.5,60.15 1 3
github.com/tedba742/gitImplementation/internal/repo/repo.go:65.61,70.19 4 5
github.com/tedba742/gitImplementation/internal/repo/repo.go:70.19,72.6 1 0
github.com/tedba742/gitImplementation/internal/repo/repo.go:73.5,75.40 3 5
github.com/tedba742/gitImplementation/internal/repo/repo.go:75.40,78.6 2 5
github.com/tedba742/gitImplementation/internal/repo/repo.go:78.11,80.6 1 0
github.com/tedba742/gitImplementation/internal/repo/repo.go:83.5,85.53 3 5
github.com/tedba742/gitImplementation/internal/repo/repo.go:85.53,87.34 2 4
github.com/tedba742/gitImplementation/internal/repo/repo.go:87.34,88.25 1 4
github.com/tedba742/gitImplementation/internal/repo/repo.go:88.25,89.25 1 0
github.com/tedba742/gitImplementation/internal/repo/repo.go:91.13,92.32 2 4
github.com/tedba742/gitImplementation/internal/repo/repo.go:92.32,93.25 1 1
github.com/tedba742/gitImplementation/internal/repo/repo.go:95.13,95.42 1 3
github.com/tedba742/gitImplementation/internal/repo/repo.go:99.5,104.31 3 5
github.com/tedba742/gitImplementation/internal/repo/repo.go:104.31,107.6 2 3
github.com/tedba742/gitImplementation/internal/repo/repo.go:108.5,110.19 3 5
github.com/tedba742/gitImplementation/internal/repo/repo.go:110.19,112.6 1 0
github.com/tedba742/gitImplementation/internal/repo/repo.go:115.5,117.51 3 5
github.com/tedba742/gitImplementation/internal/repo/repo.go:117.51,119.6 1 1
github.com/tedba742/gitImplementation/internal/repo/repo.go:122.5,126.21 5 5
github.com/tedba742/gitImplementation/internal/repo/repo.go:126.21,130.6 3 1
github.com/tedba742/gitImplementation/internal/repo/repo.go:131.5,136.19 5 5
github.com/tedba742/gitImplementation/internal/repo/repo.go:136.19,138.6 1 0
github.com/tedba742/gitImplementation/internal/repo/repo.go:141.5,141.68 1 5
github.com/tedba742/gitImplementation/internal/repo/repo.go:141.68,143.6 1 0
github.com/tedba742/gitImplementation/internal/repo/repo.go:144.5,144.80 1 5
github.com/tedba742/gitImplementation/internal/repo/repo.go:144.80,146.6 1 0
github.com/tedba742/gitImplementation/internal/repo/repo.go:149.5,151.27 2 5
github.com/tedba742/gitImplementation/internal/repo/repo.go:156.46,160.19 4 2
github.com/tedba742/gitImplementation/internal/repo/repo.go:160.19,162.6 1 0
github.com/tedba742/gitImplementation/internal/repo/repo.go:163.5,165.40 3 2
github.com/tedba742/gitImplementation/internal/repo/repo.go:165.40,168.6 2 2
github.com/tedba742/gitImplementation/internal/repo/repo.go:168.11,170.6 1 0
github.com/tedba742/gitImplementation/internal/repo/repo.go:173.5,175.19 3 2
github.com/tedba742/gitImplementation/internal/repo/repo.go:175.19,177.6 1 0
github.com/tedba742/gitImplementation/internal/repo/repo.go:180.5,181.70 2 2
github.com/tedba742/gitImplementation/internal/repo/repo.go:181.70,183.6 1 0
github.com/tedba742/gitImplementation/internal/repo/repo.go:184.5,184.61 1 2
github.com/tedba742/gitImplementation/internal/repo/repo.go:184.61,186.6 1 0
github.com/tedba742/gitImplementation/internal/repo/repo.go:188.5,189.111 2 2
github.com/tedba742/gitImplementation/internal/repo/repo.go:189.111,191.6 1 0
github.com/tedba742/gitImplementation/internal/repo/repo.go:192.5,192.15 1 2
github.com/tedba742/gitImplementation/internal/repo/repo.go:197.43,202.19 4 3
github.com/tedba742/gitImplementation/internal/repo/repo.go:202.19,204.6 1 1
github.com/tedba742/gitImplementation/internal/repo/repo.go:205.5,207.40 3 2
github.com/tedba742/gitImplementation/internal/repo/repo.go:207.40,210.6 2 2
github.com/tedba742/gitImplementation/internal/repo/repo.go:210.11,212.6 1 0
github.com/tedba742/gitImplementation/internal/repo/repo.go:214.5,216.51 3 2
github.com/tedba742/gitImplementation/internal/repo/repo.go:216.51,218.6 1 2
github.com/tedba742/gitImplementation/internal/repo/repo.go:220.5,224.88 3 2
github.com/tedba742/gitImplementation/internal/repo/repo.go:224.88,225.23 1 14
github.com/tedba742/gitImplementation/internal/repo/repo.go:225.23,227.10 1 1
github.com/tedba742/gitImplementation/internal/repo/repo.go:228.9,228.22 1 13
github.com/tedba742/gitImplementation/internal/repo/repo.go:228.22,230.10 1 7
github.com/tedba742/gitImplementation/internal/repo/repo.go:233.9,237.23 5 6
github.com/tedba742/gitImplementation/internal/repo/repo.go:237.23,239.10 1 0
github.com/tedba742/gitImplementation/internal/repo/repo.go:240.9,240.28 1 6
github.com/tedba742/gitImplementation/internal/repo/repo.go:240.28,242.10 1 4
github.com/tedba742/gitImplementation/internal/repo/repo.go:244.9,247.23 4 2
github.com/tedba742/gitImplementation/internal/repo/repo.go:247.23,249.27 2 5
github.com/tedba742/gitImplementation/internal/repo/repo.go:249.27,252.31 2 2
github.com/tedba742/gitImplementation/internal/repo/repo.go:252.31,255.18 2 2
github.com/tedba742/gitImplementation/internal/repo/repo.go:256.17,257.22 2 2
github.com/tedba742/gitImplementation/internal/repo/repo.go:259.13,259.51 1 3
github.com/tedba742/gitImplementation/internal/repo/repo.go:259.51,261.14 1 1
github.com/tedba742/gitImplementation/internal/repo/repo.go:263.9,264.19 2 2
github.com/tedba742/gitImplementation/internal/repo/repo.go:267.5,268.20 2 2
